node.exe : npm verbose cli 
C:\Program 
Files\nodejs\node.exe 
C:\Program Files\nodejs\node
_modules\npm\bin\npm-cli.js
No linha:1 caractere:1
+ & "C:\Program 
Files\nodejs/node.exe" 
"C:\Program 
Files\nodejs/node_mo ...
+ ~~~~~~~~~~~~~~~~~~~~~~~~~~
~~~~~~~~~~~~~~~~~~~~~~~~~~~~
~~~~~~~~~~~~~~~
    + CategoryInfo          
    : NotSpecified: (npm v  
  erbose cli...\bin\npm-c   
 li.js:String) [], Remot    
eException
    + FullyQualifiedErrorId 
    : NativeCommandError
 
npm info using npm@11.6.1
npm info using node@v24.11.0
npm verbose title npm run 
build
npm verbose argv "run" 
"build" "--loglevel" 
"verbose"
npm verbose logfile 
logs-max:10 dir:C:\Users\Usu
ario\AppData\Local\npm-cache
\_logs\2026-02-12T23_02_53_6
51Z-
npm verbose logfile C:\Users
\Usuario\AppData\Local\npm-c
ache\_logs\2026-02-12T23_02_
53_651Z-debug-0.log

> vite_react_shadcn_ts@0.0.0 build
> vite build

[36mvite v5.4.21 [32mbuilding for production...[36m[39m
transforming...
[32mÔ£ô[39m 88 modules transformed.
[31mx[39m Build failed in 
1.58s
[31merror during build:
[31m[vite:esbuild] 
Transform failed with 1 
error:
C:/Users/Usuario/Desktop/KAR
EN/Pessoal/Integrai Site/int
egrai/client/src/pages/Atend
imento.tsx:1938:8: ERROR: 
The symbol 
"filteredClosingReasons" 
has already been 
declared[31m
file: [36mC:/Users/Usuario/
Desktop/KAREN/Pessoal/Integr
ai Site/integrai/client/src/
pages/Atendimento.tsx:1938:8
[31m
[33m
[33mThe symbol 
"filteredClosingReasons" 
has already been 
declared[33m
1936|    }, [quickMessages, 
quickSearch]);
1937|  
1938|    const 
filteredClosingReasons = 
useMemo(() => {
   |          ^
1939|      const q = closing
ReasonSearch.trim().toLowerC
ase();
1940|      if (!q) return 
closingReasons;
[31m
    at failureErrorWithLog (
C:\Users\Usuario\Desktop\KAR
EN\Pessoal\Integrai Site\int
egrai\node_modules\vite\node
_modules\esbuild\lib\main.js
:1472:15)
    at C:\Users\Usuario\Desk
top\KAREN\Pessoal\Integrai S
ite\integrai\node_modules\vi
te\node_modules\esbuild\lib\
main.js:755:50
    at responseCallbacks.<co
mputed> (C:\Users\Usuario\De
sktop\KAREN\Pessoal\Integrai
 Site\integrai\node_modules\
vite\node_modules\esbuild\li
b\main.js:622:9)
    at handleIncomingPacket 
(C:\Users\Usuario\Desktop\KA
REN\Pessoal\Integrai Site\in
tegrai\node_modules\vite\nod
e_modules\esbuild\lib\main.j
s:677:12)
    at 
Socket.readFromStdout (C:\Us
ers\Usuario\Desktop\KAREN\Pe
ssoal\Integrai Site\integrai
\node_modules\vite\node_modu
les\esbuild\lib\main.js:600:
7)
    at Socket.emit 
(node:events:508:28)
    at addChunk (node:intern
al/streams/readable:559:12)
    at readableAddChunkPushB
yteMode (node:internal/strea
ms/readable:510:3)
    at Readable.push (node:i
nternal/streams/readable:390
:5)
    at Pipe.onStreamRead (no
de:internal/stream_base_comm
ons:189:23)[39m
npm verbose cwd C:\Users\Usu
ario\Desktop\KAREN\Pessoal\I
ntegrai Site\integrai
npm verbose os Windows_NT 
10.0.26200
npm verbose node v24.11.0
npm verbose npm  v11.6.1
npm verbose exit 1
npm verbose code 1
