add_message_origin.ts(7,39): error TS5097: An import path can only end with a '.ts' extension when 'allowImportingTsExtensions' is enabled.
analyze_connection.ts(24,54): error TS18046: 'e' is of type 'unknown'.
analyze_groups.ts(2,22): error TS2834: Relative import paths need explicit file extensions in ECMAScript imports when '--moduleResolution' is 'node16' or 'nodenext'. Consider adding an extension to the import path.
analyze_groups.ts(15,44): error TS7006: Parameter 'r' implicitly has an 'any' type.
auditLogger.ts(1,22): error TS2834: Relative import paths need explicit file extensions in ECMAScript imports when '--moduleResolution' is 'node16' or 'nodenext'. Consider adding an extension to the import path.
check-tables.ts(3,22): error TS2835: Relative import paths need explicit file extensions in ECMAScript imports when '--moduleResolution' is 'node16' or 'nodenext'. Did you mean './db/index.js'?
check-tables.ts(17,51): error TS7006: Parameter 'r' implicitly has an 'any' type.
check-tables.ts(20,27): error TS7006: Parameter 'r' implicitly has an 'any' type.
check_all_tokens.ts(3,22): error TS2834: Relative import paths need explicit file extensions in ECMAScript imports when '--moduleResolution' is 'node16' or 'nodenext'. Consider adding an extension to the import path.
check_all_tokens.ts(7,22): error TS7006: Parameter 'r' implicitly has an 'any' type.
check_all_webhooks.ts(3,22): error TS2834: Relative import paths need explicit file extensions in ECMAScript imports when '--moduleResolution' is 'node16' or 'nodenext'. Consider adding an extension to the import path.
check_data.ts(4,22): error TS2834: Relative import paths need explicit file extensions in ECMAScript imports when '--moduleResolution' is 'node16' or 'nodenext'. Consider adding an extension to the import path.
check_db_campaigns.ts(3,22): error TS2834: Relative import paths need explicit file extensions in ECMAScript imports when '--moduleResolution' is 'node16' or 'nodenext'. Consider adding an extension to the import path.
check_error_column.ts(2,22): error TS2834: Relative import paths need explicit file extensions in ECMAScript imports when '--moduleResolution' is 'node16' or 'nodenext'. Consider adding an extension to the import path.
check_ig_webhook_logs.ts(3,22): error TS2834: Relative import paths need explicit file extensions in ECMAScript imports when '--moduleResolution' is 'node16' or 'nodenext'. Consider adding an extension to the import path.
check_ig_webhook_logs_fixed.ts(3,22): error TS2834: Relative import paths need explicit file extensions in ECMAScript imports when '--moduleResolution' is 'node16' or 'nodenext'. Consider adding an extension to the import path.
check_instagram_data.ts(3,22): error TS2834: Relative import paths need explicit file extensions in ECMAScript imports when '--moduleResolution' is 'node16' or 'nodenext'. Consider adding an extension to the import path.
check_instagram_presence.ts(3,22): error TS2834: Relative import paths need explicit file extensions in ECMAScript imports when '--moduleResolution' is 'node16' or 'nodenext'. Consider adding an extension to the import path.
check_last_10m.ts(3,22): error TS2834: Relative import paths need explicit file extensions in ECMAScript imports when '--moduleResolution' is 'node16' or 'nodenext'. Consider adding an extension to the import path.
check_leo_ids.ts(3,22): error TS2834: Relative import paths need explicit file extensions in ECMAScript imports when '--moduleResolution' is 'node16' or 'nodenext'. Consider adding an extension to the import path.
check_localhost.ts(22,89): error TS18046: 'e' is of type 'unknown'.
check_loja_leo.ts(3,22): error TS2834: Relative import paths need explicit file extensions in ECMAScript imports when '--moduleResolution' is 'node16' or 'nodenext'. Consider adding an extension to the import path.
check_messages_schema.ts(6,39): error TS5097: An import path can only end with a '.ts' extension when 'allowImportingTsExtensions' is enabled.
check_messages_schema.ts(19,46): error TS7006: Parameter 'r' implicitly has an 'any' type.
check_migrations.ts(2,31): error TS2835: Relative import paths need explicit file extensions in ECMAScript imports when '--moduleResolution' is 'node16' or 'nodenext'. Did you mean './db/migrations.js'?
check_migrations.ts(3,22): error TS2834: Relative import paths need explicit file extensions in ECMAScript imports when '--moduleResolution' is 'node16' or 'nodenext'. Consider adding an extension to the import path.
check_prod_table.ts(3,22): error TS2834: Relative import paths need explicit file extensions in ECMAScript imports when '--moduleResolution' is 'node16' or 'nodenext'. Consider adding an extension to the import path.
check_prod_table.ts(32,51): error TS7006: Parameter 'r' implicitly has an 'any' type.
check_recent_messages.ts(3,22): error TS2834: Relative import paths need explicit file extensions in ECMAScript imports when '--moduleResolution' is 'node16' or 'nodenext'. Consider adding an extension to the import path.
check_supabase_users.ts(33,60): error TS18046: 'e' is of type 'unknown'.
check_token_debug.ts(3,22): error TS2834: Relative import paths need explicit file extensions in ECMAScript imports when '--moduleResolution' is 'node16' or 'nodenext'. Consider adding an extension to the import path.
check_viamovecar.ts(1,22): error TS5097: An import path can only end with a '.ts' extension when 'allowImportingTsExtensions' is enabled.
cleanup_contacts.ts(5,53): error TS2835: Relative import paths need explicit file extensions in ECMAScript imports when '--moduleResolution' is 'node16' or 'nodenext'. Did you mean './utils/phoneUtils.js'?
cleanup_groups.ts(3,22): error TS2834: Relative import paths need explicit file extensions in ECMAScript imports when '--moduleResolution' is 'node16' or 'nodenext'. Consider adding an extension to the import path.
controllers/aiController.ts(2,22): error TS2834: Relative import paths need explicit file extensions in ECMAScript imports when '--moduleResolution' is 'node16' or 'nodenext'. Consider adding an extension to the import path.
controllers/aiController.ts(3,26): error TS2835: Relative import paths need explicit file extensions in ECMAScript imports when '--moduleResolution' is 'node16' or 'nodenext'. Did you mean '../logger.js'?
controllers/aiController.ts(4,26): error TS2835: Relative import paths need explicit file extensions in ECMAScript imports when '--moduleResolution' is 'node16' or 'nodenext'. Did you mean '../auditLogger.js'?
controllers/aiController.ts(6,28): error TS2835: Relative import paths need explicit file extensions in ECMAScript imports when '--moduleResolution' is 'node16' or 'nodenext'. Did you mean '../services/limitService.js'?
controllers/alertController.ts(2,22): error TS2834: Relative import paths need explicit file extensions in ECMAScript imports when '--moduleResolution' is 'node16' or 'nodenext'. Consider adding an extension to the import path.
controllers/analyticsController.ts(3,22): error TS2834: Relative import paths need explicit file extensions in ECMAScript imports when '--moduleResolution' is 'node16' or 'nodenext'. Consider adding an extension to the import path.
controllers/appointmentController.ts(3,22): error TS2834: Relative import paths need explicit file extensions in ECMAScript imports when '--moduleResolution' is 'node16' or 'nodenext'. Consider adding an extension to the import path.
controllers/appointmentController.ts(53,40): error TS7006: Parameter 'row' implicitly has an 'any' type.
controllers/auditController.ts(2,22): error TS2834: Relative import paths need explicit file extensions in ECMAScript imports when '--moduleResolution' is 'node16' or 'nodenext'. Consider adding an extension to the import path.
controllers/authController.ts(4,22): error TS2834: Relative import paths need explicit file extensions in ECMAScript imports when '--moduleResolution' is 'node16' or 'nodenext'. Consider adding an extension to the import path.
controllers/authController.ts(7,49): error TS2835: Relative import paths need explicit file extensions in ECMAScript imports when '--moduleResolution' is 'node16' or 'nodenext'. Did you mean '../config/roles.js'?
controllers/botController.ts(3,22): error TS2834: Relative import paths need explicit file extensions in ECMAScript imports when '--moduleResolution' is 'node16' or 'nodenext'. Consider adding an extension to the import path.
controllers/callController.ts(3,22): error TS2834: Relative import paths need explicit file extensions in ECMAScript imports when '--moduleResolution' is 'node16' or 'nodenext'. Consider adding an extension to the import path.
controllers/callController.ts(4,75): error TS2835: Relative import paths need explicit file extensions in ECMAScript imports when '--moduleResolution' is 'node16' or 'nodenext'. Did you mean '../services/voiceService.js'?
controllers/campaignController.ts(2,22): error TS2834: Relative import paths need explicit file extensions in ECMAScript imports when '--moduleResolution' is 'node16' or 'nodenext'. Consider adding an extension to the import path.
controllers/campaignController.ts(3,26): error TS2835: Relative import paths need explicit file extensions in ECMAScript imports when '--moduleResolution' is 'node16' or 'nodenext'. Did you mean '../logger.js'?
controllers/campaignController.ts(7,28): error TS2835: Relative import paths need explicit file extensions in ECMAScript imports when '--moduleResolution' is 'node16' or 'nodenext'. Did you mean '../systemState.js'?
controllers/campaignController.ts(9,44): error TS2835: Relative import paths need explicit file extensions in ECMAScript imports when '--moduleResolution' is 'node16' or 'nodenext'. Did you mean '../services/limitService.js'?
controllers/campaignController.ts(10,37): error TS2835: Relative import paths need explicit file extensions in ECMAScript imports when '--moduleResolution' is 'node16' or 'nodenext'. Did you mean '../services/whatsappService.js'?
controllers/chatbotController.ts(3,22): error TS2834: Relative import paths need explicit file extensions in ECMAScript imports when '--moduleResolution' is 'node16' or 'nodenext'. Consider adding an extension to the import path.
controllers/cityController.ts(2,22): error TS2834: Relative import paths need explicit file extensions in ECMAScript imports when '--moduleResolution' is 'node16' or 'nodenext'. Consider adding an extension to the import path.
controllers/clinicalBIController.ts(3,22): error TS2834: Relative import paths need explicit file extensions in ECMAScript imports when '--moduleResolution' is 'node16' or 'nodenext'. Consider adding an extension to the import path.
controllers/clinicalFinanceController.ts(3,22): error TS2834: Relative import paths need explicit file extensions in ECMAScript imports when '--moduleResolution' is 'node16' or 'nodenext'. Consider adding an extension to the import path.
controllers/closingReasonController.ts(2,22): error TS2834: Relative import paths need explicit file extensions in ECMAScript imports when '--moduleResolution' is 'node16' or 'nodenext'. Consider adding an extension to the import path.
controllers/contactController.ts(2,22): error TS2834: Relative import paths need explicit file extensions in ECMAScript imports when '--moduleResolution' is 'node16' or 'nodenext'. Consider adding an extension to the import path.
controllers/contactController.ts(3,32): error TS2835: Relative import paths need explicit file extensions in ECMAScript imports when '--moduleResolution' is 'node16' or 'nodenext'. Did you mean '../utils/phoneUtils.js'?
controllers/conversationController.ts(3,22): error TS2834: Relative import paths need explicit file extensions in ECMAScript imports when '--moduleResolution' is 'node16' or 'nodenext'. Consider adding an extension to the import path.
controllers/conversationController.ts(4,43): error TS2835: Relative import paths need explicit file extensions in ECMAScript imports when '--moduleResolution' is 'node16' or 'nodenext'. Did you mean './closingReasonController.js'?
controllers/conversationController.ts(5,35): error TS2835: Relative import paths need explicit file extensions in ECMAScript imports when '--moduleResolution' is 'node16' or 'nodenext'. Did you mean './queueController.js'?
controllers/costCenterController.ts(2,22): error TS2834: Relative import paths need explicit file extensions in ECMAScript imports when '--moduleResolution' is 'node16' or 'nodenext'. Consider adding an extension to the import path.
controllers/crmController.ts(2,22): error TS2834: Relative import paths need explicit file extensions in ECMAScript imports when '--moduleResolution' is 'node16' or 'nodenext'. Consider adding an extension to the import path.
controllers/crmController.ts(151,43): error TS7006: Parameter 's' implicitly has an 'any' type.
controllers/crmController.ts(482,54): error TS7006: Parameter 'i' implicitly has an 'any' type.
controllers/crmController.ts(490,59): error TS7006: Parameter 'i' implicitly has an 'any' type.
controllers/crmController.ts(726,48): error TS7006: Parameter 'row' implicitly has an 'any' type.
controllers/crmController.ts(726,53): error TS7006: Parameter 'idx' implicitly has an 'any' type.
controllers/crmController.ts(766,51): error TS7006: Parameter 'm' implicitly has an 'any' type.
controllers/engagementController.ts(2,22): error TS2834: Relative import paths need explicit file extensions in ECMAScript imports when '--moduleResolution' is 'node16' or 'nodenext'. Consider adding an extension to the import path.
controllers/evolutionController.ts(733,16): error TS7006: Parameter 'e' implicitly has an 'any' type.
controllers/evolutionController.ts(1411,49): error TS7006: Parameter 'r' implicitly has an 'any' type.
controllers/evolutionController_temp_status.ts(20,24): error TS2349: This expression is not callable.
  Type 'Number' has no call signatures.
controllers/evolutionController_temp_status.ts(29,39): error TS2304: Cannot find name 'pool'.
controllers/evolutionController_temp_status.ts(31,39): error TS2304: Cannot find name 'pool'.
controllers/evolutionController_temp_status.ts(36,43): error TS2304: Cannot find name 'pool'.
controllers/evolutionController_temp_status.ts(57,29): error TS2554: Expected 0 arguments, but got 1.
controllers/evolutionController_temp_status.ts(65,24): error TS2304: Cannot find name 'getEvolutionConfig'.
controllers/evolutionController_temp_status.ts(70,29): error TS2554: Expected 0 arguments, but got 1.
controllers/evolutionController_temp_status.ts(89,27): error TS2304: Cannot find name 'pool'.
controllers/evolutionController_temp_status.ts(90,37): error TS2554: Expected 0 arguments, but got 1.
controllers/evolutionController_temp_status.ts(92,33): error TS2554: Expected 0 arguments, but got 1.
controllers/evolutionController_temp_status.ts(107,23): error TS2304: Cannot find name 'pool'.
controllers/evolutionController_temp_status.ts(110,29): error TS2554: Expected 0 arguments, but got 1.
controllers/evolutionController_temp_status.ts(120,29): error TS2554: Expected 0 arguments, but got 1.
controllers/evolutionController_temp_status.ts(125,13): error TS2349: This expression is not callable.
  Type 'Number' has no call signatures.
controllers/faqController.ts(2,22): error TS2834: Relative import paths need explicit file extensions in ECMAScript imports when '--moduleResolution' is 'node16' or 'nodenext'. Consider adding an extension to the import path.
controllers/financialController.ts(2,22): error TS2834: Relative import paths need explicit file extensions in ECMAScript imports when '--moduleResolution' is 'node16' or 'nodenext'. Consider adding an extension to the import path.
controllers/followUpController.ts(2,22): error TS2834: Relative import paths need explicit file extensions in ECMAScript imports when '--moduleResolution' is 'node16' or 'nodenext'. Consider adding an extension to the import path.
controllers/followUpController.ts(50,39): error TS7006: Parameter 'item' implicitly has an 'any' type.
controllers/healthController.ts(2,22): error TS2834: Relative import paths need explicit file extensions in ECMAScript imports when '--moduleResolution' is 'node16' or 'nodenext'. Consider adding an extension to the import path.
controllers/healthController.ts(3,26): error TS2835: Relative import paths need explicit file extensions in ECMAScript imports when '--moduleResolution' is 'node16' or 'nodenext'. Did you mean '../logger.js'?
controllers/healthController.ts(4,36): error TS2835: Relative import paths need explicit file extensions in ECMAScript imports when '--moduleResolution' is 'node16' or 'nodenext'. Did you mean './evolutionController.js'?
controllers/healthController.ts(28,53): error TS7006: Parameter 'r' implicitly has an 'any' type.
controllers/healthController.ts(29,48): error TS7006: Parameter 'acc' implicitly has an 'any' type.
controllers/healthController.ts(29,53): error TS7006: Parameter 'r' implicitly has an 'any' type.
controllers/insuranceController.ts(3,22): error TS2834: Relative import paths need explicit file extensions in ECMAScript imports when '--moduleResolution' is 'node16' or 'nodenext'. Consider adding an extension to the import path.
controllers/lavajatoController.ts(3,22): error TS2834: Relative import paths need explicit file extensions in ECMAScript imports when '--moduleResolution' is 'node16' or 'nodenext'. Consider adding an extension to the import path.
controllers/lavajatoController.ts(4,26): error TS2835: Relative import paths need explicit file extensions in ECMAScript imports when '--moduleResolution' is 'node16' or 'nodenext'. Did you mean '../logger.js'?
controllers/legalController.ts(3,22): error TS2834: Relative import paths need explicit file extensions in ECMAScript imports when '--moduleResolution' is 'node16' or 'nodenext'. Consider adding an extension to the import path.
controllers/legalController.ts(4,26): error TS2835: Relative import paths need explicit file extensions in ECMAScript imports when '--moduleResolution' is 'node16' or 'nodenext'. Did you mean '../logger.js'?
controllers/linksController.ts(2,22): error TS2834: Relative import paths need explicit file extensions in ECMAScript imports when '--moduleResolution' is 'node16' or 'nodenext'. Consider adding an extension to the import path.
controllers/linksController.ts(3,26): error TS2835: Relative import paths need explicit file extensions in ECMAScript imports when '--moduleResolution' is 'node16' or 'nodenext'. Did you mean '../auditLogger.js'?
controllers/logController.ts(2,22): error TS2834: Relative import paths need explicit file extensions in ECMAScript imports when '--moduleResolution' is 'node16' or 'nodenext'. Consider adding an extension to the import path.
controllers/onboardingController.ts(3,22): error TS2834: Relative import paths need explicit file extensions in ECMAScript imports when '--moduleResolution' is 'node16' or 'nodenext'. Consider adding an extension to the import path.
controllers/onboardingController.ts(4,26): error TS2835: Relative import paths need explicit file extensions in ECMAScript imports when '--moduleResolution' is 'node16' or 'nodenext'. Did you mean '../auditLogger.js'?
controllers/planController.ts(3,44): error TS2835: Relative import paths need explicit file extensions in ECMAScript imports when '--moduleResolution' is 'node16' or 'nodenext'. Did you mean '../services/limitService.js'?
controllers/planController.ts(4,22): error TS2834: Relative import paths need explicit file extensions in ECMAScript imports when '--moduleResolution' is 'node16' or 'nodenext'. Consider adding an extension to the import path.
controllers/planController.ts(48,40): error TS7006: Parameter 'p' implicitly has an 'any' type.
controllers/professionalsController.ts(3,22): error TS2834: Relative import paths need explicit file extensions in ECMAScript imports when '--moduleResolution' is 'node16' or 'nodenext'. Consider adding an extension to the import path.
controllers/quickMessageController.ts(2,22): error TS2834: Relative import paths need explicit file extensions in ECMAScript imports when '--moduleResolution' is 'node16' or 'nodenext'. Consider adding an extension to the import path.
controllers/reportsController.ts(3,22): error TS2834: Relative import paths need explicit file extensions in ECMAScript imports when '--moduleResolution' is 'node16' or 'nodenext'. Consider adding an extension to the import path.
controllers/reportsController.ts(311,53): error TS7006: Parameter 'acc' implicitly has an 'any' type.
controllers/reportsController.ts(311,58): error TS7006: Parameter 'curr' implicitly has an 'any' type.
controllers/reportsController.ts(312,59): error TS7006: Parameter 'acc' implicitly has an 'any' type.
controllers/reportsController.ts(312,64): error TS7006: Parameter 'curr' implicitly has an 'any' type.
controllers/restaurantController.ts(3,22): error TS2834: Relative import paths need explicit file extensions in ECMAScript imports when '--moduleResolution' is 'node16' or 'nodenext'. Consider adding an extension to the import path.
controllers/restaurantController.ts(4,26): error TS2835: Relative import paths need explicit file extensions in ECMAScript imports when '--moduleResolution' is 'node16' or 'nodenext'. Did you mean '../logger.js'?
controllers/roadmapController.ts(2,22): error TS2834: Relative import paths need explicit file extensions in ECMAScript imports when '--moduleResolution' is 'node16' or 'nodenext'. Consider adding an extension to the import path.
controllers/roadmapController.ts(3,26): error TS2835: Relative import paths need explicit file extensions in ECMAScript imports when '--moduleResolution' is 'node16' or 'nodenext'. Did you mean '../auditLogger.js'?
controllers/searchController.ts(2,22): error TS2834: Relative import paths need explicit file extensions in ECMAScript imports when '--moduleResolution' is 'node16' or 'nodenext'. Consider adding an extension to the import path.
controllers/shopController.ts(3,22): error TS2834: Relative import paths need explicit file extensions in ECMAScript imports when '--moduleResolution' is 'node16' or 'nodenext'. Consider adding an extension to the import path.
controllers/shopController.ts(4,37): error TS2835: Relative import paths need explicit file extensions in ECMAScript imports when '--moduleResolution' is 'node16' or 'nodenext'. Did you mean '../middleware/validateCompanyAndInstance.js'?
controllers/shopController.ts(5,26): error TS2835: Relative import paths need explicit file extensions in ECMAScript imports when '--moduleResolution' is 'node16' or 'nodenext'. Did you mean '../logger.js'?
controllers/systemController.ts(2,22): error TS2834: Relative import paths need explicit file extensions in ECMAScript imports when '--moduleResolution' is 'node16' or 'nodenext'. Consider adding an extension to the import path.
controllers/systemController.ts(3,26): error TS2835: Relative import paths need explicit file extensions in ECMAScript imports when '--moduleResolution' is 'node16' or 'nodenext'. Did you mean '../auditLogger.js'?
controllers/systemController.ts(4,36): error TS2835: Relative import paths need explicit file extensions in ECMAScript imports when '--moduleResolution' is 'node16' or 'nodenext'. Did you mean '../systemState.js'?
controllers/tagController.ts(3,22): error TS2834: Relative import paths need explicit file extensions in ECMAScript imports when '--moduleResolution' is 'node16' or 'nodenext'. Consider adding an extension to the import path.
controllers/tagController.ts(4,26): error TS2835: Relative import paths need explicit file extensions in ECMAScript imports when '--moduleResolution' is 'node16' or 'nodenext'. Did you mean '../auditLogger.js'?
controllers/taskController.ts(2,22): error TS2834: Relative import paths need explicit file extensions in ECMAScript imports when '--moduleResolution' is 'node16' or 'nodenext'. Consider adding an extension to the import path.
controllers/taskController.ts(3,26): error TS2835: Relative import paths need explicit file extensions in ECMAScript imports when '--moduleResolution' is 'node16' or 'nodenext'. Did you mean '../auditLogger.js'?
controllers/taskController.ts(4,33): error TS2835: Relative import paths need explicit file extensions in ECMAScript imports when '--moduleResolution' is 'node16' or 'nodenext'. Did you mean './workflowController.js'?
controllers/taskController.ts(125,18): error TS7006: Parameter 'e' implicitly has an 'any' type.
controllers/templateController.ts(2,22): error TS2834: Relative import paths need explicit file extensions in ECMAScript imports when '--moduleResolution' is 'node16' or 'nodenext'. Consider adding an extension to the import path.
controllers/templateController.ts(3,26): error TS2835: Relative import paths need explicit file extensions in ECMAScript imports when '--moduleResolution' is 'node16' or 'nodenext'. Did you mean '../auditLogger.js'?
controllers/userController.ts(2,22): error TS2834: Relative import paths need explicit file extensions in ECMAScript imports when '--moduleResolution' is 'node16' or 'nodenext'. Consider adding an extension to the import path.
controllers/userController.ts(4,26): error TS2835: Relative import paths need explicit file extensions in ECMAScript imports when '--moduleResolution' is 'node16' or 'nodenext'. Did you mean '../auditLogger.js'?
controllers/userController.ts(5,28): error TS2835: Relative import paths need explicit file extensions in ECMAScript imports when '--moduleResolution' is 'node16' or 'nodenext'. Did you mean '../services/limitService.js'?
controllers/userController.ts(6,49): error TS2835: Relative import paths need explicit file extensions in ECMAScript imports when '--moduleResolution' is 'node16' or 'nodenext'. Did you mean '../config/roles.js'?
controllers/whaticket/internalChatController.ts(3,22): error TS2834: Relative import paths need explicit file extensions in ECMAScript imports when '--moduleResolution' is 'node16' or 'nodenext'. Consider adding an extension to the import path.
controllers/whaticket/quickAnswerController.ts(3,22): error TS2834: Relative import paths need explicit file extensions in ECMAScript imports when '--moduleResolution' is 'node16' or 'nodenext'. Consider adding an extension to the import path.
controllers/whaticket/userQueueController.ts(3,22): error TS2834: Relative import paths need explicit file extensions in ECMAScript imports when '--moduleResolution' is 'node16' or 'nodenext'. Consider adding an extension to the import path.
controllers/workflowController.ts(2,22): error TS2834: Relative import paths need explicit file extensions in ECMAScript imports when '--moduleResolution' is 'node16' or 'nodenext'. Consider adding an extension to the import path.
controllers/workflowController.ts(3,26): error TS2835: Relative import paths need explicit file extensions in ECMAScript imports when '--moduleResolution' is 'node16' or 'nodenext'. Did you mean '../auditLogger.js'?
controllers/workflowController.ts(5,28): error TS2835: Relative import paths need explicit file extensions in ECMAScript imports when '--moduleResolution' is 'node16' or 'nodenext'. Did you mean '../services/limitService.js'?
create_professionals_table.ts(3,22): error TS2834: Relative import paths need explicit file extensions in ECMAScript imports when '--moduleResolution' is 'node16' or 'nodenext'. Consider adding an extension to the import path.
create_render_user.ts(3,22): error TS2834: Relative import paths need explicit file extensions in ECMAScript imports when '--moduleResolution' is 'node16' or 'nodenext'. Consider adding an extension to the import path.
create_superadmin.ts(3,22): error TS2834: Relative import paths need explicit file extensions in ECMAScript imports when '--moduleResolution' is 'node16' or 'nodenext'. Consider adding an extension to the import path.
db/faqMigrations.ts(1,22): error TS2835: Relative import paths need explicit file extensions in ECMAScript imports when '--moduleResolution' is 'node16' or 'nodenext'. Did you mean './index.js'?
db/lavajato_migrations.ts(2,22): error TS2835: Relative import paths need explicit file extensions in ECMAScript imports when '--moduleResolution' is 'node16' or 'nodenext'. Did you mean './index.js'?
db/migrations/add_crm_appointments.ts(2,22): error TS2835: Relative import paths need explicit file extensions in ECMAScript imports when '--moduleResolution' is 'node16' or 'nodenext'. Did you mean '../index.js'?
db/migrations/add_operational_profile.ts(2,22): error TS2835: Relative import paths need explicit file extensions in ECMAScript imports when '--moduleResolution' is 'node16' or 'nodenext'. Did you mean '../index.js'?
db/migrations/fix_appointments_tz.ts(2,22): error TS2835: Relative import paths need explicit file extensions in ECMAScript imports when '--moduleResolution' is 'node16' or 'nodenext'. Did you mean '../index.js'?
db/migrations/fix_instagram_text_columns_fn.ts(2,22): error TS2835: Relative import paths need explicit file extensions in ECMAScript imports when '--moduleResolution' is 'node16' or 'nodenext'. Did you mean '../index.js'?
db/migrations/update_inventory_columns.ts(2,22): error TS2835: Relative import paths need explicit file extensions in ECMAScript imports when '--moduleResolution' is 'node16' or 'nodenext'. Did you mean '../index.js'?
db/migrations/whaticket_migration.ts(2,22): error TS2835: Relative import paths need explicit file extensions in ECMAScript imports when '--moduleResolution' is 'node16' or 'nodenext'. Did you mean '../index.js'?
db/restaurant_migrations.ts(2,22): error TS2835: Relative import paths need explicit file extensions in ECMAScript imports when '--moduleResolution' is 'node16' or 'nodenext'. Did you mean './index.js'?
db/shop_migrations.ts(2,22): error TS2835: Relative import paths need explicit file extensions in ECMAScript imports when '--moduleResolution' is 'node16' or 'nodenext'. Did you mean './index.js'?
debug_campaigns.ts(3,22): error TS2834: Relative import paths need explicit file extensions in ECMAScript imports when '--moduleResolution' is 'node16' or 'nodenext'. Consider adding an extension to the import path.
debug_campaigns.ts(20,43): error TS7006: Parameter 'f' implicitly has an 'any' type.
debug_company_settings.ts(3,22): error TS2834: Relative import paths need explicit file extensions in ECMAScript imports when '--moduleResolution' is 'node16' or 'nodenext'. Consider adding an extension to the import path.
debug_company_settings.ts(10,32): error TS7006: Parameter 'c' implicitly has an 'any' type.
debug_crm_superadmin.ts(3,22): error TS2835: Relative import paths need explicit file extensions in ECMAScript imports when '--moduleResolution' is 'node16' or 'nodenext'. Did you mean './db/index.js'?
debug_crm_superadmin.ts(20,13): error TS2322: Type '1' is not assignable to type 'null'.
debug_crm_superadmin.ts(31,32): error TS7006: Parameter 'r' implicitly has an 'any' type.
debug_crm_superadmin.ts(37,15): error TS7034: Variable 'params' implicitly has type 'any[]' in some locations where its type cannot be determined.
debug_crm_superadmin.ts(48,32): error TS7005: Variable 'params' implicitly has an 'any[]' type.
debug_crm_superadmin.ts(50,50): error TS7005: Variable 'params' implicitly has an 'any[]' type.
debug_failure_data.ts(3,22): error TS2834: Relative import paths need explicit file extensions in ECMAScript imports when '--moduleResolution' is 'node16' or 'nodenext'. Consider adding an extension to the import path.
debug_failure_data.ts(28,60): error TS7006: Parameter 'r' implicitly has an 'any' type.
debug_failure_data.ts(41,36): error TS7006: Parameter 'f' implicitly has an 'any' type.
debug_image_send.ts(7,22): error TS2834: Relative import paths need explicit file extensions in ECMAScript imports when '--moduleResolution' is 'node16' or 'nodenext'. Consider adding an extension to the import path.
debug_instagram_user.ts(3,22): error TS2834: Relative import paths need explicit file extensions in ECMAScript imports when '--moduleResolution' is 'node16' or 'nodenext'. Consider adding an extension to the import path.
debug_migration_status.ts(3,22): error TS2834: Relative import paths need explicit file extensions in ECMAScript imports when '--moduleResolution' is 'node16' or 'nodenext'. Consider adding an extension to the import path.
deep_check_loja.ts(3,22): error TS2834: Relative import paths need explicit file extensions in ECMAScript imports when '--moduleResolution' is 'node16' or 'nodenext'. Consider adding an extension to the import path.
diagnose_db.ts(59,46): error TS18046: 'e' is of type 'unknown'.
diagnose_db.ts(60,13): error TS18046: 'e' is of type 'unknown'.
diagnose_db.ts(61,13): error TS18046: 'e' is of type 'unknown'.
diagnose_db.ts(62,13): error TS18046: 'e' is of type 'unknown'.
dist/src/components/ui/use-toast.ts(1,33): error TS2307: Cannot find module '@/hooks/use-toast' or its corresponding type declarations.
dist/src/hooks/use-toast.ts(3,53): error TS2835: Relative import paths need explicit file extensions in ECMAScript imports when '--moduleResolution' is 'node16' or 'nodenext'. Did you mean '../components/ui/toast.js'?
dist/src/hooks/use-toast.ts(153,22): error TS7006: Parameter 'open' implicitly has an 'any' type.
ensure_users.ts(3,22): error TS2834: Relative import paths need explicit file extensions in ECMAScript imports when '--moduleResolution' is 'node16' or 'nodenext'. Consider adding an extension to the import path.
find_ig_accounts.ts(3,22): error TS2834: Relative import paths need explicit file extensions in ECMAScript imports when '--moduleResolution' is 'node16' or 'nodenext'. Consider adding an extension to the import path.
fix_columns.ts(3,22): error TS2834: Relative import paths need explicit file extensions in ECMAScript imports when '--moduleResolution' is 'node16' or 'nodenext'. Consider adding an extension to the import path.
fix_constraint.ts(3,22): error TS2834: Relative import paths need explicit file extensions in ECMAScript imports when '--moduleResolution' is 'node16' or 'nodenext'. Consider adding an extension to the import path.
fix_groups.ts(5,49): error TS2835: Relative import paths need explicit file extensions in ECMAScript imports when '--moduleResolution' is 'node16' or 'nodenext'. Did you mean './utils/phoneUtils.js'?
fix_karen_key.ts(11,13): error TS18047: 'res.rowCount' is possibly 'null'.
force_mig_op.ts(2,22): error TS2834: Relative import paths need explicit file extensions in ECMAScript imports when '--moduleResolution' is 'node16' or 'nodenext'. Consider adding an extension to the import path.
get_acc_data.ts(3,22): error TS2834: Relative import paths need explicit file extensions in ECMAScript imports when '--moduleResolution' is 'node16' or 'nodenext'. Consider adding an extension to the import path.
get_token_info.ts(3,22): error TS2834: Relative import paths need explicit file extensions in ECMAScript imports when '--moduleResolution' is 'node16' or 'nodenext'. Consider adding an extension to the import path.
inspect_schema_instagram.ts(3,22): error TS2835: Relative import paths need explicit file extensions in ECMAScript imports when '--moduleResolution' is 'node16' or 'nodenext'. Did you mean './db/index.js'?
inspect_schema_instagram.ts(10,35): error TS7006: Parameter 'r' implicitly has an 'any' type.
inspect_schema_instagram.ts(14,30): error TS7006: Parameter 'r' implicitly has an 'any' type.
last_30m_webhooks.ts(3,22): error TS2834: Relative import paths need explicit file extensions in ECMAScript imports when '--moduleResolution' is 'node16' or 'nodenext'. Consider adding an extension to the import path.
list_cols.ts(3,22): error TS2834: Relative import paths need explicit file extensions in ECMAScript imports when '--moduleResolution' is 'node16' or 'nodenext'. Consider adding an extension to the import path.
list_cols.ts(7,30): error TS7006: Parameter 'r' implicitly has an 'any' type.
list_logs_cols.ts(3,22): error TS2834: Relative import paths need explicit file extensions in ECMAScript imports when '--moduleResolution' is 'node16' or 'nodenext'. Consider adding an extension to the import path.
list_logs_cols.ts(8,61): error TS7006: Parameter 'r' implicitly has an 'any' type.
list_logs_cols_full.ts(3,22): error TS2834: Relative import paths need explicit file extensions in ECMAScript imports when '--moduleResolution' is 'node16' or 'nodenext'. Consider adding an extension to the import path.
list_perms.ts(3,22): error TS2834: Relative import paths need explicit file extensions in ECMAScript imports when '--moduleResolution' is 'node16' or 'nodenext'. Consider adding an extension to the import path.
list_users.ts(3,22): error TS2834: Relative import paths need explicit file extensions in ECMAScript imports when '--moduleResolution' is 'node16' or 'nodenext'. Consider adding an extension to the import path.
list_users.ts(19,40): error TS7006: Parameter 'u' implicitly has an 'any' type.
list_users_simple.ts(3,22): error TS2834: Relative import paths need explicit file extensions in ECMAScript imports when '--moduleResolution' is 'node16' or 'nodenext'. Consider adding an extension to the import path.
list_users_simple.ts(10,26): error TS7006: Parameter 'u' implicitly has an 'any' type.
logger.ts(1,22): error TS2834: Relative import paths need explicit file extensions in ECMAScript imports when '--moduleResolution' is 'node16' or 'nodenext'. Consider adding an extension to the import path.
logger.ts(2,33): error TS2835: Relative import paths need explicit file extensions in ECMAScript imports when '--moduleResolution' is 'node16' or 'nodenext'. Did you mean './controllers/workflowController.js'?
logger.ts(75,22): error TS7006: Parameter 'e' implicitly has an 'any' type.
middleware/authMiddleware.ts(3,22): error TS2834: Relative import paths need explicit file extensions in ECMAScript imports when '--moduleResolution' is 'node16' or 'nodenext'. Consider adding an extension to the import path.
middleware/authMiddleware.ts(4,23): error TS2835: Relative import paths need explicit file extensions in ECMAScript imports when '--moduleResolution' is 'node16' or 'nodenext'. Did you mean '../config/roles.js'?
middleware/rateLimitMiddleware.ts(3,22): error TS2834: Relative import paths need explicit file extensions in ECMAScript imports when '--moduleResolution' is 'node16' or 'nodenext'. Consider adding an extension to the import path.
middleware/rateLimitMiddleware.ts(63,33): error TS7006: Parameter 'e' implicitly has an 'any' type.
middleware/systemModeMiddleware.ts(2,28): error TS2835: Relative import paths need explicit file extensions in ECMAScript imports when '--moduleResolution' is 'node16' or 'nodenext'. Did you mean '../systemState.js'?
middleware/validateCompanyAndInstance.ts(3,22): error TS2834: Relative import paths need explicit file extensions in ECMAScript imports when '--moduleResolution' is 'node16' or 'nodenext'. Consider adding an extension to the import path.
migrate_auth.ts(10,35): error TS2834: Relative import paths need explicit file extensions in ECMAScript imports when '--moduleResolution' is 'node16' or 'nodenext'. Consider adding an extension to the import path.
migrate_auth.ts(95,39): error TS2834: Relative import paths need explicit file extensions in ECMAScript imports when '--moduleResolution' is 'node16' or 'nodenext'. Consider adding an extension to the import path.
migrate_company_id.ts(9,35): error TS2834: Relative import paths need explicit file extensions in ECMAScript imports when '--moduleResolution' is 'node16' or 'nodenext'. Consider adding an extension to the import path.
migrate_company_id.ts(30,39): error TS2834: Relative import paths need explicit file extensions in ECMAScript imports when '--moduleResolution' is 'node16' or 'nodenext'. Consider adding an extension to the import path.
migrate_cost_center.ts(3,22): error TS5097: An import path can only end with a '.ts' extension when 'allowImportingTsExtensions' is enabled.
migrate_evolution_fields.ts(9,35): error TS2834: Relative import paths need explicit file extensions in ECMAScript imports when '--moduleResolution' is 'node16' or 'nodenext'. Consider adding an extension to the import path.
migrate_evolution_fields.ts(31,39): error TS2834: Relative import paths need explicit file extensions in ECMAScript imports when '--moduleResolution' is 'node16' or 'nodenext'. Consider adding an extension to the import path.
migrate_financial_categories.ts(2,22): error TS5097: An import path can only end with a '.ts' extension when 'allowImportingTsExtensions' is enabled.
migrate_instagram.ts(3,22): error TS2835: Relative import paths need explicit file extensions in ECMAScript imports when '--moduleResolution' is 'node16' or 'nodenext'. Did you mean './db/index.js'?
migrate_instances.ts(3,22): error TS2835: Relative import paths need explicit file extensions in ECMAScript imports when '--moduleResolution' is 'node16' or 'nodenext'. Did you mean './db/index.js'?
migrate_message_origin_source.ts(7,39): error TS5097: An import path can only end with a '.ts' extension when 'allowImportingTsExtensions' is enabled.
migrate_operational_profile.ts(3,22): error TS2834: Relative import paths need explicit file extensions in ECMAScript imports when '--moduleResolution' is 'node16' or 'nodenext'. Consider adding an extension to the import path.
migrations/system_settings_migration.ts(5,22): error TS2835: Relative import paths need explicit file extensions in ECMAScript imports when '--moduleResolution' is 'node16' or 'nodenext'. Did you mean '../db/index.js'?
repro_cron.ts(3,49): error TS2835: Relative import paths need explicit file extensions in ECMAScript imports when '--moduleResolution' is 'node16' or 'nodenext'. Did you mean './controllers/campaignController.js'?
repro_cron.ts(4,22): error TS2834: Relative import paths need explicit file extensions in ECMAScript imports when '--moduleResolution' is 'node16' or 'nodenext'. Consider adding an extension to the import path.
routes.ts(10,8): error TS2835: Relative import paths need explicit file extensions in ECMAScript imports when '--moduleResolution' is 'node16' or 'nodenext'. Did you mean './controllers/userController.js'?
routes.ts(11,126): error TS2835: Relative import paths need explicit file extensions in ECMAScript imports when '--moduleResolution' is 'node16' or 'nodenext'. Did you mean './controllers/crmController.js'?
routes.ts(12,94): error TS2835: Relative import paths need explicit file extensions in ECMAScript imports when '--moduleResolution' is 'node16' or 'nodenext'. Did you mean './controllers/professionalsController.js'?
routes.ts(16,8): error TS2835: Relative import paths need explicit file extensions in ECMAScript imports when '--moduleResolution' is 'node16' or 'nodenext'. Did you mean './controllers/insuranceController.js'?
routes.ts(17,36): error TS2835: Relative import paths need explicit file extensions in ECMAScript imports when '--moduleResolution' is 'node16' or 'nodenext'. Did you mean './controllers/clinicalBIController.js'?
routes.ts(27,8): error TS2835: Relative import paths need explicit file extensions in ECMAScript imports when '--moduleResolution' is 'node16' or 'nodenext'. Did you mean './controllers/webhookController.js'?
routes.ts(28,39): error TS2835: Relative import paths need explicit file extensions in ECMAScript imports when '--moduleResolution' is 'node16' or 'nodenext'. Did you mean './controllers/cityController.js'?
routes.ts(29,33): error TS2835: Relative import paths need explicit file extensions in ECMAScript imports when '--moduleResolution' is 'node16' or 'nodenext'. Did you mean './controllers/authController.js'?
routes.ts(30,71): error TS2835: Relative import paths need explicit file extensions in ECMAScript imports when '--moduleResolution' is 'node16' or 'nodenext'. Did you mean './middleware/authMiddleware.js'?
routes.ts(31,27): error TS2835: Relative import paths need explicit file extensions in ECMAScript imports when '--moduleResolution' is 'node16' or 'nodenext'. Did you mean './middleware/rateLimitMiddleware.js'?
routes.ts(32,29): error TS2835: Relative import paths need explicit file extensions in ECMAScript imports when '--moduleResolution' is 'node16' or 'nodenext'. Did you mean './config/roles.js'?
routes.ts(33,171): error TS2835: Relative import paths need explicit file extensions in ECMAScript imports when '--moduleResolution' is 'node16' or 'nodenext'. Did you mean './controllers/companyController.js'?
routes.ts(34,166): error TS2835: Relative import paths need explicit file extensions in ECMAScript imports when '--moduleResolution' is 'node16' or 'nodenext'. Did you mean './controllers/conversationController.js'?
routes.ts(35,67): error TS2835: Relative import paths need explicit file extensions in ECMAScript imports when '--moduleResolution' is 'node16' or 'nodenext'. Did you mean './controllers/queueController.js'?
routes.ts(36,90): error TS2835: Relative import paths need explicit file extensions in ECMAScript imports when '--moduleResolution' is 'node16' or 'nodenext'. Did you mean './controllers/whaticket/quickAnswerController.js'?
routes.ts(37,46): error TS2835: Relative import paths need explicit file extensions in ECMAScript imports when '--moduleResolution' is 'node16' or 'nodenext'. Did you mean './controllers/whaticket/userQueueController.js'?
routes.ts(38,102): error TS2835: Relative import paths need explicit file extensions in ECMAScript imports when '--moduleResolution' is 'node16' or 'nodenext'. Did you mean './controllers/whaticket/internalChatController.js'?
routes.ts(39,96): error TS2835: Relative import paths need explicit file extensions in ECMAScript imports when '--moduleResolution' is 'node16' or 'nodenext'. Did you mean './controllers/followUpController.js'?
routes.ts(60,24): error TS2835: Relative import paths need explicit file extensions in ECMAScript imports when '--moduleResolution' is 'node16' or 'nodenext'. Did you mean './middleware/uploadMiddleware.js'?
routes.ts(85,627): error TS2835: Relative import paths need explicit file extensions in ECMAScript imports when '--moduleResolution' is 'node16' or 'nodenext'. Did you mean './controllers/evolutionController.js'?
routes.ts(88,102): error TS2835: Relative import paths need explicit file extensions in ECMAScript imports when '--moduleResolution' is 'node16' or 'nodenext'. Did you mean './controllers/contactController.js'?
routes.ts(148,84): error TS2835: Relative import paths need explicit file extensions in ECMAScript imports when '--moduleResolution' is 'node16' or 'nodenext'. Did you mean './controllers/whapiController.js'?
routes.ts(168,41): error TS2835: Relative import paths need explicit file extensions in ECMAScript imports when '--moduleResolution' is 'node16' or 'nodenext'. Did you mean './services/instagramService.js'?
routes.ts(169,44): error TS2835: Relative import paths need explicit file extensions in ECMAScript imports when '--moduleResolution' is 'node16' or 'nodenext'. Did you mean './services/whatsappMetaService.js'?
routes.ts(247,70): error TS7006: Parameter 'r' implicitly has an 'any' type.
routes.ts(273,75): error TS2835: Relative import paths need explicit file extensions in ECMAScript imports when '--moduleResolution' is 'node16' or 'nodenext'. Did you mean './controllers/callController.js'?
routes.ts(274,102): error TS2835: Relative import paths need explicit file extensions in ECMAScript imports when '--moduleResolution' is 'node16' or 'nodenext'. Did you mean './controllers/appointmentController.js'?
routes.ts(325,162): error TS2835: Relative import paths need explicit file extensions in ECMAScript imports when '--moduleResolution' is 'node16' or 'nodenext'. Did you mean './controllers/tagController.js'?
routes.ts(357,8): error TS2835: Relative import paths need explicit file extensions in ECMAScript imports when '--moduleResolution' is 'node16' or 'nodenext'. Did you mean './controllers/chatbotController.js'?
routes.ts(370,39): error TS2835: Relative import paths need explicit file extensions in ECMAScript imports when '--moduleResolution' is 'node16' or 'nodenext'. Did you mean './services/chatbotService.js'?
routes.ts(396,8): error TS2835: Relative import paths need explicit file extensions in ECMAScript imports when '--moduleResolution' is 'node16' or 'nodenext'. Did you mean './controllers/clinicalFinanceController.js'?
routes.ts(439,85): error TS2835: Relative import paths need explicit file extensions in ECMAScript imports when '--moduleResolution' is 'node16' or 'nodenext'. Did you mean './controllers/reportsController.js'?
routes.ts(440,36): error TS2835: Relative import paths need explicit file extensions in ECMAScript imports when '--moduleResolution' is 'node16' or 'nodenext'. Did you mean './controllers/analyticsController.js'?
routes.ts(452,274): error TS2835: Relative import paths need explicit file extensions in ECMAScript imports when '--moduleResolution' is 'node16' or 'nodenext'. Did you mean './controllers/financialController.js'?
routes.ts(454,90): error TS2835: Relative import paths need explicit file extensions in ECMAScript imports when '--moduleResolution' is 'node16' or 'nodenext'. Did you mean './controllers/faqController.js'?
routes.ts(472,68): error TS2835: Relative import paths need explicit file extensions in ECMAScript imports when '--moduleResolution' is 'node16' or 'nodenext'. Did you mean './controllers/costCenterController.js'?
routes.ts(492,8): error TS2835: Relative import paths need explicit file extensions in ECMAScript imports when '--moduleResolution' is 'node16' or 'nodenext'. Did you mean './controllers/campaignController.js'?
routes.ts(503,100): error TS2835: Relative import paths need explicit file extensions in ECMAScript imports when '--moduleResolution' is 'node16' or 'nodenext'. Did you mean './controllers/taskController.js'?
routes.ts(512,44): error TS2835: Relative import paths need explicit file extensions in ECMAScript imports when '--moduleResolution' is 'node16' or 'nodenext'. Did you mean './controllers/logController.js'?
routes.ts(517,100): error TS2835: Relative import paths need explicit file extensions in ECMAScript imports when '--moduleResolution' is 'node16' or 'nodenext'. Did you mean './controllers/alertController.js'?
routes.ts(523,46): error TS2835: Relative import paths need explicit file extensions in ECMAScript imports when '--moduleResolution' is 'node16' or 'nodenext'. Did you mean './controllers/healthController.js'?
routes.ts(528,59): error TS2835: Relative import paths need explicit file extensions in ECMAScript imports when '--moduleResolution' is 'node16' or 'nodenext'. Did you mean './controllers/linksController.js'?
routes.ts(534,98): error TS2835: Relative import paths need explicit file extensions in ECMAScript imports when '--moduleResolution' is 'node16' or 'nodenext'. Did you mean './controllers/workflowController.js'?
routes.ts(542,45): error TS2835: Relative import paths need explicit file extensions in ECMAScript imports when '--moduleResolution' is 'node16' or 'nodenext'. Did you mean './controllers/auditController.js'?
routes.ts(547,94): error TS2835: Relative import paths need explicit file extensions in ECMAScript imports when '--moduleResolution' is 'node16' or 'nodenext'. Did you mean './controllers/aiController.js'?
routes.ts(555,46): error TS2835: Relative import paths need explicit file extensions in ECMAScript imports when '--moduleResolution' is 'node16' or 'nodenext'. Did you mean './controllers/systemController.js'?
routes.ts(560,30): error TS2835: Relative import paths need explicit file extensions in ECMAScript imports when '--moduleResolution' is 'node16' or 'nodenext'. Did you mean './controllers/searchController.js'?
routes.ts(621,22): error TS2834: Relative import paths need explicit file extensions in ECMAScript imports when '--moduleResolution' is 'node16' or 'nodenext'. Consider adding an extension to the import path.
routes.ts(670,98): error TS2835: Relative import paths need explicit file extensions in ECMAScript imports when '--moduleResolution' is 'node16' or 'nodenext'. Did you mean './controllers/templateController.js'?
routes.ts(684,8): error TS2835: Relative import paths need explicit file extensions in ECMAScript imports when '--moduleResolution' is 'node16' or 'nodenext'. Did you mean './controllers/closingReasonController.js'?
routes.ts(697,8): error TS2835: Relative import paths need explicit file extensions in ECMAScript imports when '--moduleResolution' is 'node16' or 'nodenext'. Did you mean './controllers/quickMessageController.js'?
routes.ts(705,148): error TS2835: Relative import paths need explicit file extensions in ECMAScript imports when '--moduleResolution' is 'node16' or 'nodenext'. Did you mean './controllers/roadmapController.js'?
routes.ts(716,79): error TS2835: Relative import paths need explicit file extensions in ECMAScript imports when '--moduleResolution' is 'node16' or 'nodenext'. Did you mean './controllers/onboardingController.js'?
routes.ts(722,47): error TS2835: Relative import paths need explicit file extensions in ECMAScript imports when '--moduleResolution' is 'node16' or 'nodenext'. Did you mean './controllers/legalController.js'?
routes.ts(727,41): error TS2835: Relative import paths need explicit file extensions in ECMAScript imports when '--moduleResolution' is 'node16' or 'nodenext'. Did you mean './controllers/planController.js'?
routes.ts(728,86): error TS2835: Relative import paths need explicit file extensions in ECMAScript imports when '--moduleResolution' is 'node16' or 'nodenext'. Did you mean './controllers/subscriptionController.js'?
routes.ts(740,178): error TS2835: Relative import paths need explicit file extensions in ECMAScript imports when '--moduleResolution' is 'node16' or 'nodenext'. Did you mean './controllers/lavajatoController.js'?
routes.ts(754,116): error TS2835: Relative import paths need explicit file extensions in ECMAScript imports when '--moduleResolution' is 'node16' or 'nodenext'. Did you mean './controllers/restaurantController.js'?
routes.ts(785,8): error TS2835: Relative import paths need explicit file extensions in ECMAScript imports when '--moduleResolution' is 'node16' or 'nodenext'. Did you mean './controllers/shopController.js'?
routes.ts(786,44): error TS2835: Relative import paths need explicit file extensions in ECMAScript imports when '--moduleResolution' is 'node16' or 'nodenext'. Did you mean './middleware/validateCompanyAndInstance.js'?
run_all_migrations.ts(3,31): error TS2835: Relative import paths need explicit file extensions in ECMAScript imports when '--moduleResolution' is 'node16' or 'nodenext'. Did you mean './db/migrations.js'?
run_crm_migration.ts(3,45): error TS2835: Relative import paths need explicit file extensions in ECMAScript imports when '--moduleResolution' is 'node16' or 'nodenext'. Did you mean './db/migrations/add_crm_appointments.js'?
run_migration.ts(3,48): error TS2835: Relative import paths need explicit file extensions in ECMAScript imports when '--moduleResolution' is 'node16' or 'nodenext'. Did you mean './db/migrations/add_operational_profile.js'?
search_ig.ts(3,22): error TS2834: Relative import paths need explicit file extensions in ECMAScript imports when '--moduleResolution' is 'node16' or 'nodenext'. Consider adding an extension to the import path.
services/chatbotService.ts(141,32): error TS7006: Parameter 'v' implicitly has an 'any' type.
services/followUpScheduler.ts(1,22): error TS2834: Relative import paths need explicit file extensions in ECMAScript imports when '--moduleResolution' is 'node16' or 'nodenext'. Consider adding an extension to the import path.
services/followUpScheduler.ts(2,37): error TS2835: Relative import paths need explicit file extensions in ECMAScript imports when '--moduleResolution' is 'node16' or 'nodenext'. Did you mean './whatsappService.js'?
services/instagramService.ts(2,22): error TS2834: Relative import paths need explicit file extensions in ECMAScript imports when '--moduleResolution' is 'node16' or 'nodenext'. Consider adding an extension to the import path.
services/mediaService.ts(5,22): error TS2834: Relative import paths need explicit file extensions in ECMAScript imports when '--moduleResolution' is 'node16' or 'nodenext'. Consider adding an extension to the import path.
services/whaticketService.ts(2,22): error TS2834: Relative import paths need explicit file extensions in ECMAScript imports when '--moduleResolution' is 'node16' or 'nodenext'. Consider adding an extension to the import path.
services/whaticketService.ts(3,37): error TS2835: Relative import paths need explicit file extensions in ECMAScript imports when '--moduleResolution' is 'node16' or 'nodenext'. Did you mean './whatsappService.js'?
setup_insurance_db.ts(3,22): error TS2834: Relative import paths need explicit file extensions in ECMAScript imports when '--moduleResolution' is 'node16' or 'nodenext'. Consider adding an extension to the import path.
test-db.ts(3,22): error TS2835: Relative import paths need explicit file extensions in ECMAScript imports when '--moduleResolution' is 'node16' or 'nodenext'. Did you mean './db/index.js'?
test_evolution_auth.ts(14,25): error TS18048: 'EVOLUTION_API_KEY' is possibly 'undefined'.
test_evolution_auth.ts(27,13): error TS2769: No overload matches this call.
  Overload 1 of 2, '(input: string | URL | Request, init?: RequestInit | undefined): Promise<Response>', gave the following error.
    Type '{ 'Content-Type': string; apikey: string | undefined; }' is not assignable to type 'HeadersInit | undefined'.
      Type '{ 'Content-Type': string; apikey: string | undefined; }' is not assignable to type 'undefined'.
  Overload 2 of 2, '(input: URL | RequestInfo, init?: RequestInit | undefined): Promise<Response>', gave the following error.
    Type '{ 'Content-Type': string; apikey: string | undefined; }' is not assignable to type 'HeadersInit | undefined'.
      Type '{ 'Content-Type': string; apikey: string | undefined; }' is not assignable to type 'undefined'.
test_evolution_auth.ts(45,13): error TS2769: No overload matches this call.
  Overload 1 of 2, '(input: string | URL | Request, init?: RequestInit | undefined): Promise<Response>', gave the following error.
    Type '{ 'Content-Type': string; apikey: string | undefined; }' is not assignable to type 'HeadersInit | undefined'.
      Type '{ 'Content-Type': string; apikey: string | undefined; }' is not assignable to type 'undefined'.
  Overload 2 of 2, '(input: URL | RequestInfo, init?: RequestInit | undefined): Promise<Response>', gave the following error.
    Type '{ 'Content-Type': string; apikey: string | undefined; }' is not assignable to type 'HeadersInit | undefined'.
      Type '{ 'Content-Type': string; apikey: string | undefined; }' is not assignable to type 'undefined'.
test_query.ts(3,22): error TS2834: Relative import paths need explicit file extensions in ECMAScript imports when '--moduleResolution' is 'node16' or 'nodenext'. Consider adding an extension to the import path.
test_validation.ts(3,22): error TS2834: Relative import paths need explicit file extensions in ECMAScript imports when '--moduleResolution' is 'node16' or 'nodenext'. Consider adding an extension to the import path.
test_validation.ts(4,46): error TS2835: Relative import paths need explicit file extensions in ECMAScript imports when '--moduleResolution' is 'node16' or 'nodenext'. Did you mean './services/instagramService.js'?
test_validation_v2.ts(3,22): error TS2834: Relative import paths need explicit file extensions in ECMAScript imports when '--moduleResolution' is 'node16' or 'nodenext'. Consider adding an extension to the import path.
test_validation_v2.ts(4,46): error TS2835: Relative import paths need explicit file extensions in ECMAScript imports when '--moduleResolution' is 'node16' or 'nodenext'. Did you mean './services/instagramService.js'?
test_validation_v3.ts(3,22): error TS2834: Relative import paths need explicit file extensions in ECMAScript imports when '--moduleResolution' is 'node16' or 'nodenext'. Consider adding an extension to the import path.
test_validation_v3.ts(4,46): error TS2835: Relative import paths need explicit file extensions in ECMAScript imports when '--moduleResolution' is 'node16' or 'nodenext'. Did you mean './services/instagramService.js'?
validate_token_deep.ts(3,22): error TS2834: Relative import paths need explicit file extensions in ECMAScript imports when '--moduleResolution' is 'node16' or 'nodenext'. Consider adding an extension to the import path.
verify_migration.ts(3,22): error TS2835: Relative import paths need explicit file extensions in ECMAScript imports when '--moduleResolution' is 'node16' or 'nodenext'. Did you mean './db/index.js'?
verify_migration.ts(14,71): error TS7006: Parameter 'r' implicitly has an 'any' type.
verify_op_migration.ts(3,22): error TS2834: Relative import paths need explicit file extensions in ECMAScript imports when '--moduleResolution' is 'node16' or 'nodenext'. Consider adding an extension to the import path.
